TORSION n=26 p=3 : k with Z/26 over F_p^k = [ 3, 4, 5 ] ; k with Z/2xZ/26 = [ 5 ]
TORSION n=26 p=5 : k with Z/26 over F_p^k = [ 3, 4, 5 ] ; k with Z/2xZ/26 = [ 3, 4, 5 ]
TORSION n=26 p=7 : k with Z/26 over F_p^k = [ 2, 3, 4, 5 ] ; k with Z/2xZ/26 = [ 2, 3, 4, 5 ]
TORSION n=26 p=11 : k with Z/26 over F_p^k = [ 2, 3, 4 ] ; k with Z/2xZ/26 = [ 2, 3, 4 ]
TORSION n=27 p=2 : k with Z/27 over F_p^k = [] ; k with Z/2xZ/27 = []
TORSION n=27 p=5 : k with Z/27 over F_p^k = [ 2, 3, 4, 5 ] ; k with Z/2xZ/27 = []
TORSION n=27 p=7 : k with Z/27 over F_p^k = [ 2, 3, 4, 5 ] ; k with Z/2xZ/27 = []
TORSION n=27 p=11 : k with Z/27 over F_p^k = [ 2, 3, 4 ] ; k with Z/2xZ/27 = []
TORSION n=27 p=13 : k with Z/27 over F_p^k = [ 2, 3 ] ; k with Z/2xZ/27 = []
TORSION n=28 p=3 : k with Z/28 over F_p^k = [ 3, 4, 5 ] ; k with Z/2xZ/28 = [ 5 ]
TORSION n=28 p=5 : k with Z/28 over F_p^k = [ 2, 3, 4, 5 ] ; k with Z/2xZ/28 = [ 3, 4, 5 ]
TORSION n=28 p=11 : k with Z/28 over F_p^k = [ 2, 3, 4 ] ; k with Z/2xZ/28 = [ 2, 3, 4 ]
TORSION n=28 p=13 : k with Z/28 over F_p^k = [ 2, 3 ] ; k with Z/2xZ/28 = [ 2, 3 ]
TORSION n=30 p=7 : k with Z/30 over F_p^k = [ 2, 3, 4, 5 ] ; k with Z/2xZ/30 = [ 2, 3, 4, 5 ]
TORSION n=30 p=11 : k with Z/30 over F_p^k = [ 2, 3, 4 ] ; k with Z/2xZ/30 = [ 2, 3, 4 ]
TORSION n=30 p=13 : k with Z/30 over F_p^k = [ 2, 3 ] ; k with Z/2xZ/30 = [ 2, 3 ]
TORSION n=32 p=3 : k with Z/32 over F_p^k = [ 3, 4, 5 ] ; k with Z/2xZ/32 = []
TORSION n=32 p=5 : k with Z/32 over F_p^k = [ 2, 3, 4, 5 ] ; k with Z/2xZ/32 = [ 3, 4, 5 ]
TORSION n=32 p=7 : k with Z/32 over F_p^k = [ 3, 4, 5 ] ; k with Z/2xZ/32 = [ 3, 4, 5 ]
TORSION n=32 p=11 : k with Z/32 over F_p^k = [ 2, 3, 4 ] ; k with Z/2xZ/32 = [ 2, 3, 4 ]
TORSION n=32 p=13 : k with Z/32 over F_p^k = [ 2, 3 ] ; k with Z/2xZ/32 = [ 2, 3 ]
TORSION n=33 p=2 : k with Z/33 over F_p^k = [ 5 ] ; k with Z/2xZ/33 = []
TORSION n=33 p=5 : k with Z/33 over F_p^k = [ 2, 3, 4, 5 ] ; k with Z/2xZ/33 = []
TORSION n=33 p=7 : k with Z/33 over F_p^k = [ 3, 4, 5 ] ; k with Z/2xZ/33 = []
TORSION n=33 p=13 : k with Z/33 over F_p^k = [ 2, 3 ] ; k with Z/2xZ/33 = []
TORSION n=34 p=3 : k with Z/34 over F_p^k = [ 4, 5 ] ; k with Z/2xZ/34 = [ 4, 5 ]
TORSION n=34 p=5 : k with Z/34 over F_p^k = [ 2, 4, 5 ] ; k with Z/2xZ/34 = [ 4, 5 ]
TORSION n=34 p=7 : k with Z/34 over F_p^k = [ 3, 4, 5 ] ; k with Z/2xZ/34 = [ 3, 4, 5 ]
TORSION n=34 p=11 : k with Z/34 over F_p^k = [ 2, 3, 4 ] ; k with Z/2xZ/34 = [ 2, 3, 4 ]
TORSION n=34 p=13 : k with Z/34 over F_p^k = [ 3 ] ; k with Z/2xZ/34 = [ 3 ]
TORSION n=35 p=2 : k with Z/35 over F_p^k = [] ; k with Z/2xZ/35 = []
TORSION n=35 p=3 : k with Z/35 over F_p^k = [ 3, 5 ] ; k with Z/2xZ/35 = []
TORSION n=35 p=11 : k with Z/35 over F_p^k = [ 2, 3, 4 ] ; k with Z/2xZ/35 = []
TORSION n=35 p=13 : k with Z/35 over F_p^k = [ 2, 3 ] ; k with Z/2xZ/35 = []
TORSION n=38 p=3 : k with Z/38 over F_p^k = [ 3, 5 ] ; k with Z/2xZ/38 = [ 5 ]
TORSION n=38 p=5 : k with Z/38 over F_p^k = [ 3, 4, 5 ] ; k with Z/2xZ/38 = [ 4, 5 ]
TORSION n=38 p=7 : k with Z/38 over F_p^k = [ 2, 3, 4, 5 ] ; k with Z/2xZ/38 = [ 3, 4, 5 ]
TORSION n=38 p=11 : k with Z/38 over F_p^k = [ 2, 3, 4 ] ; k with Z/2xZ/38 = [ 3, 4 ]
TORSION n=38 p=13 : k with Z/38 over F_p^k = [ 2, 3 ] ; k with Z/2xZ/38 = [ 2, 3 ]
TORSION n=39 p=2 : k with Z/39 over F_p^k = [] ; k with Z/2xZ/39 = []
TORSION n=39 p=5 : k with Z/39 over F_p^k = [ 3, 4, 5 ] ; k with Z/2xZ/39 = []
TORSION n=39 p=7 : k with Z/39 over F_p^k = [ 2, 3, 4, 5 ] ; k with Z/2xZ/39 = []
TORSION n=39 p=11 : k with Z/39 over F_p^k = [ 2, 3, 4 ] ; k with Z/2xZ/39 = []
TORSION n=42 p=5 : k with Z/42 over F_p^k = [ 3, 4, 5 ] ; k with Z/2xZ/42 = [ 4, 5 ]
TORSION n=42 p=11 : k with Z/42 over F_p^k = [ 2, 3, 4 ] ; k with Z/2xZ/42 = [ 3, 4 ]
TORSION n=42 p=13 : k with Z/42 over F_p^k = [ 2, 3 ] ; k with Z/2xZ/42 = [ 2, 3 ]
TORSION n=45 p=2 : k with Z/45 over F_p^k = [] ; k with Z/2xZ/45 = []
TORSION n=45 p=7 : k with Z/45 over F_p^k = [ 2, 3, 4, 5 ] ; k with Z/2xZ/45 = []
TORSION n=45 p=11 : k with Z/45 over F_p^k = [ 2, 3, 4 ] ; k with Z/2xZ/45 = []
TORSION n=45 p=13 : k with Z/45 over F_p^k = [ 2, 3 ] ; k with Z/2xZ/45 = []
TORSION n=50 p=3 : k with Z/50 over F_p^k = [] ; k with Z/2xZ/50 = []
TORSION n=50 p=7 : k with Z/50 over F_p^k = [ 2, 3, 4, 5 ] ; k with Z/2xZ/50 = [ 4, 5 ]
TORSION n=50 p=11 : k with Z/50 over F_p^k = [ 3, 4 ] ; k with Z/2xZ/50 = [ 3, 4 ]
TORSION n=50 p=13 : k with Z/50 over F_p^k = [ 2, 3 ] ; k with Z/2xZ/50 = [ 3 ]
TORSION n=57 p=2 : k with Z/57 over F_p^k = [] ; k with Z/2xZ/57 = []
TORSION n=57 p=5 : k with Z/57 over F_p^k = [ 3, 4, 5 ] ; k with Z/2xZ/57 = []
TORSION n=57 p=7 : k with Z/57 over F_p^k = [ 3, 4, 5 ] ; k with Z/2xZ/57 = []
TORSION n=57 p=11 : k with Z/57 over F_p^k = [ 2, 3, 4 ] ; k with Z/2xZ/57 = []
TORSION n=57 p=13 : k with Z/57 over F_p^k = [ 2, 3 ] ; k with Z/2xZ/57 = []
TORSION n=63 p=2 : k with Z/63 over F_p^k = [] ; k with Z/2xZ/63 = []
TORSION n=63 p=5 : k with Z/63 over F_p^k = [ 3, 4, 5 ] ; k with Z/2xZ/63 = []
TORSION n=63 p=11 : k with Z/63 over F_p^k = [ 2, 3, 4 ] ; k with Z/2xZ/63 = []
TORSION n=63 p=13 : k with Z/63 over F_p^k = [ 2, 3 ] ; k with Z/2xZ/63 = []
TORSION n=65 p=2 : k with Z/65 over F_p^k = [] ; k with Z/2xZ/65 = []
TORSION n=65 p=3 : k with Z/65 over F_p^k = [ 4, 5 ] ; k with Z/2xZ/65 = []
TORSION n=65 p=7 : k with Z/65 over F_p^k = [ 3, 4, 5 ] ; k with Z/2xZ/65 = []
TORSION n=65 p=11 : k with Z/65 over F_p^k = [ 2, 3, 4 ] ; k with Z/2xZ/65 = []
TORSION n=77 p=2 : k with Z/77 over F_p^k = [] ; k with Z/2xZ/77 = []
TORSION n=77 p=3 : k with Z/77 over F_p^k = [ 4, 5 ] ; k with Z/2xZ/77 = []
TORSION n=77 p=5 : k with Z/77 over F_p^k = [ 5 ] ; k with Z/2xZ/77 = []
TORSION n=77 p=13 : k with Z/77 over F_p^k = [ 2, 3 ] ; k with Z/2xZ/77 = []
TORSION n=85 p=2 : k with Z/85 over F_p^k = [] ; k with Z/2xZ/85 = []
TORSION n=85 p=3 : k with Z/85 over F_p^k = [ 5 ] ; k with Z/2xZ/85 = []
TORSION n=85 p=7 : k with Z/85 over F_p^k = [ 3, 4, 5 ] ; k with Z/2xZ/85 = []
TORSION n=85 p=11 : k with Z/85 over F_p^k = [ 3, 4 ] ; k with Z/2xZ/85 = []
TORSION n=85 p=13 : k with Z/85 over F_p^k = [ 3 ] ; k with Z/2xZ/85 = []
TORSION n=18 p=5 : k with Z/18 over F_p^k = [ 2, 3, 4, 5 ] ; k with Z/2xZ/18 = [ 3, 4, 5 ]
TORSION n=18 p=7 : k with Z/18 over F_p^k = [ 2, 3, 4, 5 ] ; k with Z/2xZ/18 = [ 3, 4, 5 ]
TORSION n=18 p=11 : k with Z/18 over F_p^k = [ 1, 2, 3, 4 ] ; k with Z/2xZ/18 = [ 2, 3, 4 ]
TORSION n=18 p=13 : k with Z/18 over F_p^k = [ 1, 2, 3 ] ; k with Z/2xZ/18 = [ 2, 3 ]
TORSION n=20 p=3 : k with Z/20 over F_p^k = [ 3, 4, 5 ] ; k with Z/2xZ/20 = [ 4, 5 ]
TORSION n=20 p=7 : k with Z/20 over F_p^k = [ 2, 3, 4, 5 ] ; k with Z/2xZ/20 = [ 2, 3, 4, 5 ]
TORSION n=20 p=11 : k with Z/20 over F_p^k = [ 2, 3, 4 ] ; k with Z/2xZ/20 = [ 2, 3, 4 ]
TORSION n=20 p=13 : k with Z/20 over F_p^k = [ 1, 2, 3 ] ; k with Z/2xZ/20 = [ 2, 3 ]
TORSION n=22 p=3 : k with Z/22 over F_p^k = [ 4, 5 ] ; k with Z/2xZ/22 = [ 5 ]
TORSION n=22 p=5 : k with Z/22 over F_p^k = [ 2, 3, 4, 5 ] ; k with Z/2xZ/22 = [ 3, 4, 5 ]
TORSION n=22 p=7 : k with Z/22 over F_p^k = [ 2, 3, 4, 5 ] ; k with Z/2xZ/22 = [ 2, 3, 4, 5 ]
TORSION n=22 p=13 : k with Z/22 over F_p^k = [ 2, 3 ] ; k with Z/2xZ/22 = [ 2, 3 ]
TORSION n=24 p=5 : k with Z/24 over F_p^k = [ 2, 3, 4, 5 ] ; k with Z/2xZ/24 = [ 3, 4, 5 ]
TORSION n=24 p=7 : k with Z/24 over F_p^k = [ 2, 3, 4, 5 ] ; k with Z/2xZ/24 = [ 2, 3, 4, 5 ]
TORSION n=24 p=11 : k with Z/24 over F_p^k = [ 2, 3, 4 ] ; k with Z/2xZ/24 = [ 3, 4 ]
TORSION n=24 p=13 : k with Z/24 over F_p^k = [ 2, 3 ] ; k with Z/2xZ/24 = [ 2, 3 ]
TORSION n=36 p=5 : k with Z/36 over F_p^k = [ 3, 4, 5 ] ; k with Z/2xZ/36 = [ 3, 4, 5 ]
TORSION n=36 p=7 : k with Z/36 over F_p^k = [ 3, 4, 5 ] ; k with Z/2xZ/36 = [ 3, 4, 5 ]
TORSION n=36 p=11 : k with Z/36 over F_p^k = [ 2, 3, 4 ] ; k with Z/2xZ/36 = [ 3, 4 ]
TORSION n=36 p=13 : k with Z/36 over F_p^k = [ 2, 3 ] ; k with Z/2xZ/36 = [ 3 ]
TORSION n=40 p=3 : k with Z/40 over F_p^k = [ 4, 5 ] ; k with Z/2xZ/40 = [ 4, 5 ]
TORSION n=40 p=7 : k with Z/40 over F_p^k = [ 2, 3, 4, 5 ] ; k with Z/2xZ/40 = [ 3, 4, 5 ]
TORSION n=40 p=11 : k with Z/40 over F_p^k = [ 2, 3, 4 ] ; k with Z/2xZ/40 = [ 3, 4 ]
TORSION n=40 p=13 : k with Z/40 over F_p^k = [ 2, 3 ] ; k with Z/2xZ/40 = [ 2, 3 ]
TORSION n=44 p=3 : k with Z/44 over F_p^k = [ 5 ] ; k with Z/2xZ/44 = [ 5 ]
TORSION n=44 p=5 : k with Z/44 over F_p^k = [ 3, 4, 5 ] ; k with Z/2xZ/44 = [ 5 ]
TORSION n=44 p=7 : k with Z/44 over F_p^k = [ 2, 3, 4, 5 ] ; k with Z/2xZ/44 = [ 3, 4, 5 ]
TORSION n=44 p=13 : k with Z/44 over F_p^k = [ 2, 3 ] ; k with Z/2xZ/44 = [ 2, 3 ]
TORSION n=48 p=5 : k with Z/48 over F_p^k = [ 3, 4, 5 ] ; k with Z/2xZ/48 = [ 4, 5 ]
TORSION n=48 p=7 : k with Z/48 over F_p^k = [ 2, 3, 4, 5 ] ; k with Z/2xZ/48 = [ 4, 5 ]
TORSION n=48 p=11 : k with Z/48 over F_p^k = [ 3, 4 ] ; k with Z/2xZ/48 = [ 3, 4 ]
TORSION n=48 p=13 : k with Z/48 over F_p^k = [ 2, 3 ] ; k with Z/2xZ/48 = [ 2, 3 ]
DONE
