SETUP N=26 M=1 p=7 genus=10 time=0.050
CUSPS number=14 degrees=[ 1, 1, 1, 1, 1, 1, 1, 1, 1, 1, 1, 1, 6, 6 ]
CUSPFIELDS orbits over Q (degree, F_p-degree): [ <6, 6>, <6, 6>, <1, 1>, <1, 1>, <1, 1>, <1, 1>, <1, 1>, <1, 1>, <1, 1>, <1, 1>, <1, 1>, <1, 1>, <1, 1>, <1, 1> ] ; predicted F_p cusp degrees match model: true
CC complement degree <= 1: q mod 26 in [ 1, 3, 5, 7, 9, 11, 15, 17, 19, 21, 23, 25 ] ; usable q from list: [ 3, 5, 11 ]
CC complement degree <= 2: q mod 26 in [ 1, 3, 5, 7, 9, 11, 15, 17, 19, 21, 23, 25 ] ; usable q from list: [ 3, 5, 11 ]
CC complement degree <= 3: q mod 26 in [ 1, 3, 5, 7, 9, 11, 15, 17, 19, 21, 23, 25 ] ; usable q from list: [ 3, 5, 11 ]
CC complement degree <= 4: q mod 26 in [ 1, 3, 5, 7, 9, 11, 15, 17, 19, 21, 23, 25 ] ; usable q from list: [ 3, 5, 11 ]
QLIST all (used when there is no cuspidal part): [ 3, 5, 11 ]
DEGREES with points of the required type over F_p^d (d=1..5): [ false, true, true, true, true ]  time=0.270
NONCUSP counts deg 1..5: [ 0, 42, 124, 603, 3312 ]  time=3.530
REPS up to diamond: [ 0, 8, 22, 103, 552 ]  time=6.500
TYPE [ 1 ]: no divisors
TYPE [ 2 ]: 8 divisors (up to diamond), qlist=[ 3, 5, 11 ]
RESULT type=[ 2 ] total=8 survivors=0 time=6.710
TYPE [ 1, 1 ]: no divisors
TYPE [ 3 ]: 22 divisors (up to diamond), qlist=[ 3, 5, 11 ]
RESULT type=[ 3 ] total=22 survivors=0 time=7.380
TYPE [ 2, 1 ]: no divisors
TYPE [ 1, 1, 1 ]: no divisors
TYPE [ 4 ]: 103 divisors (up to diamond), qlist=[ 3, 5, 11 ]
PROGRESS type=[ 4 ] 100/103 survivors=0 time=12.340
RESULT type=[ 4 ] total=103 survivors=0 time=12.460
TYPE [ 3, 1 ]: no divisors
TYPE [ 2, 2 ]: 336 divisors (up to diamond), qlist=[ 3, 5, 11 ]
PROGRESS type=[ 2, 2 ] 100/336 survivors=0 time=18.570
PROGRESS type=[ 2, 2 ] 200/336 survivors=0 time=24.760
PROGRESS type=[ 2, 2 ] 300/336 survivors=0 time=31.120
RESULT type=[ 2, 2 ] total=336 survivors=0 time=33.530
TYPE [ 2, 1, 1 ]: no divisors
TYPE [ 1, 1, 1, 1 ]: no divisors
TYPE [ 5 ]: 552 divisors (up to diamond), qlist=[ 3, 5, 11 ]
PROGRESS type=[ 5 ] 100/552 survivors=0 time=39.060
PROGRESS type=[ 5 ] 200/552 survivors=0 time=45.310
PROGRESS type=[ 5 ] 300/552 survivors=0 time=51.730
PROGRESS type=[ 5 ] 400/552 survivors=0 time=57.900
PROGRESS type=[ 5 ] 500/552 survivors=0 time=63.850
RESULT type=[ 5 ] total=552 survivors=0 time=67.320
TYPE [ 4, 1 ]: no divisors
TYPE [ 3, 2 ]: 924 divisors (up to diamond), qlist=[ 3, 5, 11 ]
PROGRESS type=[ 3, 2 ] 100/924 survivors=0 time=74.930
PROGRESS type=[ 3, 2 ] 200/924 survivors=0 time=81.340
PROGRESS type=[ 3, 2 ] 300/924 survivors=0 time=87.780
PROGRESS type=[ 3, 2 ] 400/924 survivors=0 time=94.000
PROGRESS type=[ 3, 2 ] 500/924 survivors=0 time=100.350
PROGRESS type=[ 3, 2 ] 600/924 survivors=0 time=107.890
PROGRESS type=[ 3, 2 ] 700/924 survivors=0 time=114.880
PROGRESS type=[ 3, 2 ] 800/924 survivors=0 time=123.060
PROGRESS type=[ 3, 2 ] 900/924 survivors=0 time=130.380
RESULT type=[ 3, 2 ] total=924 survivors=0 time=131.870
TYPE [ 3, 1, 1 ]: no divisors
TYPE [ 2, 2, 1 ]: no divisors
TYPE [ 2, 1, 1, 1 ]: no divisors
TYPE [ 1, 1, 1, 1, 1 ]: no divisors
SUMMARY N=26 M=1 p=7 D=5 shard=0/1 total_survivors=0 time=131.900
SIEVE_DONE
