SETUP N=28 M=1 p=3 genus=10 time=0.060
CUSPS number=16 degrees=[ 1, 1, 1, 1, 1, 1, 1, 1, 1, 2, 2, 2, 3, 3, 3, 6 ]
CUSPFIELDS orbits over Q (degree, F_p-degree): [ <6, 3>, <3, 3>, <6, 6>, <2, 2>, <2, 2>, <2, 2>, <1, 1>, <1, 1>, <1, 1>, <1, 1>, <1, 1>, <1, 1>, <1, 1>, <1, 1>, <1, 1> ] ; predicted F_p cusp degrees match model: true
CC complement degree <= 1: q mod 28 in [ 1, 3, 5, 9, 11, 13, 15, 17, 19, 23, 25, 27 ] ; usable q from list: [ 5, 11, 13 ]
CC complement degree <= 2: q mod 28 in [ 1, 3, 5, 9, 11, 13, 15, 17, 19, 23, 25, 27 ] ; usable q from list: [ 5, 11, 13 ]
CC complement degree <= 3: q mod 28 in [ 1, 3, 9, 19, 25, 27 ] ; usable q from list: []
CC complement degree <= 4: q mod 28 in [ 1, 3, 9, 19, 25, 27 ] ; usable q from list: []
QLIST all (used when there is no cuspidal part): [ 5, 11, 13 ]
DEGREES with points of the required type over F_p^d (d=1..5): [ false, false, true, true, true ]  time=0.350
NONCUSP counts deg 1..5: [ 0, 0, 2, 12, 54 ]  time=0.430
REPS up to diamond: [ 0, 0, 1, 2, 9 ]  time=0.530
TYPE [ 1 ]: no divisors
TYPE [ 2 ]: no divisors
TYPE [ 1, 1 ]: no divisors
TYPE [ 3 ]: 1 divisors (up to diamond), qlist=[ 5, 11, 13 ]
RESULT type=[ 3 ] total=1 survivors=0 time=1.050
TYPE [ 2, 1 ]: no divisors
TYPE [ 1, 1, 1 ]: no divisors
TYPE [ 4 ]: 2 divisors (up to diamond), qlist=[ 5, 11, 13 ]
SURVIVOR type=[ 4 ] err=false divisor=[ <1, 4, $.1^29> ]
SURVIVOR_DATA type=[ 4 ] data=[* [* 4, 1,
[ 2, 2, 0, 0, 1 ],
[
[ 0, 1, 0, 0 ],
[ 0, 2, 1, 1 ],
[ 1, 0, 0, 0 ]
]
*] *]
RESULT type=[ 4 ] total=2 survivors=1 time=11.970
TYPE [ 3, 1 ]: no divisors
TYPE [ 2, 2 ]: no divisors
TYPE [ 2, 1, 1 ]: no divisors
TYPE [ 1, 1, 1, 1 ]: no divisors
TYPE [ 5 ]: 9 divisors (up to diamond), qlist=[ 5, 11, 13 ]
SURVIVOR type=[ 5 ] err=false divisor=[ <1, 5, $.1^4 + $.1 + 1> ]
SURVIVOR_DATA type=[ 5 ] data=[* [* 5, 1,
[ 2, 1, 0, 1, 0, 1 ],
[
[ 0, 1, 0, 0, 0 ],
[ 2, 1, 0, 0, 1 ],
[ 1, 0, 0, 0, 0 ]
]
*] *]
SURVIVOR type=[ 5 ] err=false divisor=[ <1, 5, $.1^122> ]
SURVIVOR_DATA type=[ 5 ] data=[* [* 5, 1,
[ 1, 1, 1, 1, 2, 1 ],
[
[ 0, 1, 0, 0, 0 ],
[ 0, 2, 0, 0, 0 ],
[ 1, 0, 0, 0, 0 ]
]
*] *]
SURVIVOR type=[ 5 ] err=false divisor=[ <1, 5, $.1^169> ]
SURVIVOR_DATA type=[ 5 ] data=[* [* 5, 1,
[ 1, 0, 1, 2, 2, 1 ],
[
[ 0, 1, 0, 0, 0 ],
[ 0, 2, 1, 0, 1 ],
[ 1, 0, 0, 0, 0 ]
]
*] *]
SURVIVOR type=[ 5 ] err=false divisor=[ <1, 5, $.1^97> ]
SURVIVOR_DATA type=[ 5 ] data=[* [* 5, 1,
[ 1, 2, 0, 0, 1, 1 ],
[
[ 0, 1, 0, 0, 0 ],
[ 2, 1, 1, 0, 2 ],
[ 1, 0, 0, 0, 0 ]
]
*] *]
RESULT type=[ 5 ] total=9 survivors=4 time=182.900
TYPE [ 4, 1 ]: no divisors
TYPE [ 3, 2 ]: no divisors
TYPE [ 3, 1, 1 ]: no divisors
TYPE [ 2, 2, 1 ]: no divisors
TYPE [ 2, 1, 1, 1 ]: no divisors
TYPE [ 1, 1, 1, 1, 1 ]: no divisors
SUMMARY N=28 M=1 p=3 D=5 shard=0/1 total_survivors=5 time=182.900
SIEVE_DONE
