SETUP N=32 M=1 p=3 genus=17 time=0.290
CUSPS number=18 degrees=[ 1, 1, 1, 1, 1, 1, 1, 1, 1, 1, 1, 1, 2, 2, 2, 2, 4, 8 ]
CUSPFIELDS orbits over Q (degree, F_p-degree): [ <8, 8>, <4, 4>, <4, 2>, <2, 2>, <2, 2>, <1, 1>, <1, 1>, <1, 1>, <1, 1>, <1, 1>, <1, 1>, <1, 1>, <1, 1>, <1, 1>, <1, 1>, <1, 1>, <1, 1> ] ; predicted F_p cusp degrees match model: true
CC complement degree <= 1: q mod 32 in [ 1, 3, 5, 7, 9, 11, 13, 15, 17, 19, 21, 23, 25, 27, 29, 31 ] ; usable q from list: [ 5, 7, 11, 13 ]
CC complement degree <= 2: q mod 32 in [ 1, 3, 9, 11, 17, 19, 25, 27 ] ; usable q from list: [ 11 ]
CC complement degree <= 3: q mod 32 in [ 1, 3, 9, 11, 17, 19, 25, 27 ] ; usable q from list: [ 11 ]
CC complement degree <= 4: q mod 32 in [ 1, 3, 9, 11, 17, 19, 25, 27 ] ; usable q from list: [ 11 ]
QLIST all (used when there is no cuspidal part): [ 5, 7, 11, 13 ]
DEGREES with points of the required type over F_p^d (d=1..5): [ false, false, true, true, true ]  time=1.180
NONCUSP counts deg 1..5: [ 0, 0, 8, 8, 16 ]  time=1.300
REPS up to diamond: [ 0, 0, 1, 1, 2 ]  time=1.420
TYPE [ 1 ]: no divisors
TYPE [ 2 ]: no divisors
TYPE [ 1, 1 ]: no divisors
TYPE [ 3 ]: 1 divisors (up to diamond), qlist=[ 11 ]
RESULT type=[ 3 ] total=1 survivors=0 time=2.750
TYPE [ 2, 1 ]: no divisors
TYPE [ 1, 1, 1 ]: no divisors
TYPE [ 4 ]: 1 divisors (up to diamond), qlist=[ 5, 7, 11, 13 ]
RESULT type=[ 4 ] total=1 survivors=0 time=2.890
TYPE [ 3, 1 ]: no divisors
TYPE [ 2, 2 ]: no divisors
TYPE [ 2, 1, 1 ]: no divisors
TYPE [ 1, 1, 1, 1 ]: no divisors
TYPE [ 5 ]: 2 divisors (up to diamond), qlist=[ 5, 7, 11, 13 ]
RESULT type=[ 5 ] total=2 survivors=0 time=3.200
TYPE [ 4, 1 ]: no divisors
TYPE [ 3, 2 ]: no divisors
TYPE [ 3, 1, 1 ]: no divisors
TYPE [ 2, 2, 1 ]: no divisors
TYPE [ 2, 1, 1, 1 ]: no divisors
TYPE [ 1, 1, 1, 1, 1 ]: no divisors
SUMMARY N=32 M=1 p=3 D=5 shard=0/1 total_survivors=0 time=3.200
SIEVE_DONE
