SETUP N=33 M=1 p=7 genus=21 time=4.010
CUSPS number=22 degrees=[ 1, 1, 1, 1, 1, 1, 1, 1, 1, 1, 1, 1, 1, 1, 1, 1, 1, 1, 1, 1, 10, 10 ]
CUSPFIELDS orbits over Q (degree, F_p-degree): [ <10, 10>, <10, 10>, <2, 1>, <2, 1>, <2, 1>, <2, 1>, <2, 1>, <1, 1>, <1, 1>, <1, 1>, <1, 1>, <1, 1>, <1, 1>, <1, 1>, <1, 1>, <1, 1>, <1, 1> ] ; predicted F_p cusp degrees match model: true
CC complement degree <= 1: q mod 33 in [ 1, 4, 7, 10, 13, 16, 19, 25, 28, 31 ] ; usable q from list: [ 13, 19, 37, 43, 67 ]
CC complement degree <= 2: q mod 33 in [ 1, 4, 7, 10, 13, 16, 19, 25, 28, 31 ] ; usable q from list: [ 13, 19, 37, 43, 67 ]
CC complement degree <= 3: q mod 33 in [ 1, 4, 7, 10, 13, 16, 19, 25, 28, 31 ] ; usable q from list: [ 13, 19, 37, 43, 67 ]
CC complement degree <= 4: q mod 33 in [ 1, 4, 7, 10, 13, 16, 19, 25, 28, 31 ] ; usable q from list: [ 13, 19, 37, 43, 67 ]
QLIST all (used when there is no cuspidal part): [ 5, 13, 19, 37, 43, 67 ]
DEGREES with points of the required type over F_p^d (d=1..5): [ false, false, true, true, true ]  time=10.100
NONCUSP counts deg 1..5: [ 0, 0, 40, 660, 3644 ]  time=31.930
REPS up to diamond: [ 0, 0, 4, 68, 366 ]  time=252.200
TYPE [ 1 ]: no divisors
TYPE [ 2 ]: no divisors
TYPE [ 1, 1 ]: no divisors
TYPE [ 3 ]: 4 divisors (up to diamond), qlist=[ 13, 19, 37, 43, 67 ]
RESULT type=[ 3 ] total=4 survivors=0 time=262.220
TYPE [ 2, 1 ]: no divisors
TYPE [ 1, 1, 1 ]: no divisors
TYPE [ 4 ]: 68 divisors (up to diamond), qlist=[ 13, 19, 37, 43, 67 ]
RESULT type=[ 4 ] total=68 survivors=0 time=1456.690
TYPE [ 3, 1 ]: no divisors
TYPE [ 2, 2 ]: no divisors
TYPE [ 2, 1, 1 ]: no divisors
TYPE [ 1, 1, 1, 1 ]: no divisors
TYPE [ 5 ]: 366 divisors (up to diamond), qlist=[ 5, 13, 19, 37, 43, 67 ]
PROGRESS type=[ 5 ] 100/366 survivors=0 time=1662.300
PROGRESS type=[ 5 ] 200/366 survivors=0 time=1870.910
PROGRESS type=[ 5 ] 300/366 survivors=0 time=2092.360
RESULT type=[ 5 ] total=366 survivors=0 time=2233.890
TYPE [ 4, 1 ]: no divisors
TYPE [ 3, 2 ]: no divisors
TYPE [ 3, 1, 1 ]: no divisors
TYPE [ 2, 2, 1 ]: no divisors
TYPE [ 2, 1, 1, 1 ]: no divisors
TYPE [ 1, 1, 1, 1, 1 ]: no divisors
SUMMARY N=33 M=1 p=7 D=5 shard=0/1 total_survivors=0 time=2233.920
SIEVE_DONE
