SETUP N=45 M=1 p=7 genus=41 time=151.220
CUSPS number=30 degrees=[ 1, 1, 1, 1, 1, 1, 1, 1, 1, 1, 1, 1, 1, 1, 1, 1, 1, 1, 1, 1, 3, 3, 3, 3, 4, 4, 4, 4, 4, 12 ]
CUSPFIELDS orbits over Q (degree, F_p-degree): [ <12, 12>, <8, 4>, <6, 3>, <6, 3>, <4, 4>, <4, 4>, <4, 4>, <2, 1>, <2, 1>, <2, 1>, <2, 1>, <1, 1>, <1, 1>, <1, 1>, <1, 1>, <1, 1>, <1, 1>, <1, 1>, <1, 1>, <1, 1>, <1, 1>, <1, 1>, <1, 1> ] ; predicted F_p cusp degrees match model: true
CC complement degree <= 1: q mod 45 in [ 1, 4, 7, 13, 16, 19, 22, 28, 31, 34, 37, 43 ] ; usable q from list: [ 13, 19 ]
CC complement degree <= 2: q mod 45 in [ 1, 4, 7, 13, 16, 19, 22, 28, 31, 34, 37, 43 ] ; usable q from list: [ 13, 19 ]
CC complement degree <= 3: q mod 45 in [ 1, 4, 7, 13, 16, 19, 22, 28, 31, 34, 37, 43 ] ; usable q from list: [ 13, 19 ]
CC complement degree <= 4: q mod 45 in [ 1, 4, 7, 13, 16, 19, 22, 28, 31, 34, 37, 43 ] ; usable q from list: [ 13, 19 ]
QLIST all (used when there is no cuspidal part): [ 11, 13, 17, 19 ]
DEGREES with points of the required type over F_p^d (d=1..5): [ false, true, true, true, true ]  time=369.480
NONCUSP counts deg 1..5: [ 0, 24, 120, 348, 3276 ]  time=507.160
REPS up to diamond: [ 0, 2, 10, 30, 273 ]  time=549.890
TYPE [ 1 ]: no divisors
TYPE [ 2 ]: 1 divisors (up to diamond, shard 2 of 6), qlist=[ 13, 19 ]
RESULT type=[ 2 ] total=1 survivors=0 time=628.830
TYPE [ 1, 1 ]: no divisors
TYPE [ 3 ]: 2 divisors (up to diamond, shard 2 of 6), qlist=[ 13, 19 ]
RESULT type=[ 3 ] total=2 survivors=0 time=774.740
TYPE [ 2, 1 ]: no divisors
TYPE [ 1, 1, 1 ]: no divisors
TYPE [ 4 ]: 5 divisors (up to diamond, shard 2 of 6), qlist=[ 13, 19 ]
RESULT type=[ 4 ] total=5 survivors=0 time=1303.050
TYPE [ 3, 1 ]: no divisors
TYPE [ 2, 2 ]: 8 divisors (up to diamond, shard 2 of 6), qlist=[ 13, 19 ]
RESULT type=[ 2, 2 ] total=8 survivors=0 time=2206.620
TYPE [ 2, 1, 1 ]: no divisors
TYPE [ 1, 1, 1, 1 ]: no divisors
TYPE [ 5 ]: 46 divisors (up to diamond, shard 2 of 6), qlist=[ 11, 13, 17, 19 ]
RESULT type=[ 5 ] total=46 survivors=0 time=5274.270
TYPE [ 4, 1 ]: no divisors
TYPE [ 3, 2 ]: 40 divisors (up to diamond, shard 2 of 6), qlist=[ 11, 13, 17, 19 ]
RESULT type=[ 3, 2 ] total=40 survivors=0 time=10095.930
TYPE [ 3, 1, 1 ]: no divisors
TYPE [ 2, 2, 1 ]: no divisors
TYPE [ 2, 1, 1, 1 ]: no divisors
TYPE [ 1, 1, 1, 1, 1 ]: no divisors
SUMMARY N=45 M=1 p=7 D=5 shard=2/6 total_survivors=0 time=10095.970
SIEVE_DONE
