SETUP N=57 M=1 p=5 genus=85 time=1288.800
CUSPS skipped (SkipCusps=1): the cusp structure below comes from DEHMZ Lemma 2.7 only
CUSPFIELDS orbits over Q (degree, F_p-degree): [ <18, 18>, <18, 9>, <2, 2>, <2, 2>, <2, 2>, <2, 2>, <2, 2>, <2, 2>, <2, 2>, <2, 2>, <2, 2>, <1, 1>, <1, 1>, <1, 1>, <1, 1>, <1, 1>, <1, 1>, <1, 1>, <1, 1>, <1, 1>, <1, 1>, <1, 1>, <1, 1>, <1, 1>, <1, 1>, <1, 1>, <1, 1>, <1, 1>, <1, 1> ] ; predicted F_p cusp degrees match model: not checked
CC complement degree <= 1: q mod 57 in [ 1, 2, 4, 5, 7, 8, 10, 11, 13, 14, 16, 17, 20, 22, 23, 25, 26, 28, 29, 31, 32, 34, 35, 37, 40, 41, 43, 44, 46, 47, 49, 50, 52, 53, 55, 56 ] ; usable q from list: [ 7, 11, 13 ]
CC complement degree <= 2: q mod 57 in [ 1, 2, 4, 5, 7, 8, 10, 11, 13, 14, 16, 17, 20, 22, 23, 25, 26, 28, 29, 31, 32, 34, 35, 37, 40, 41, 43, 44, 46, 47, 49, 50, 52, 53, 55, 56 ] ; usable q from list: [ 7, 11, 13 ]
CC complement degree <= 3: q mod 57 in [ 1, 2, 4, 5, 7, 8, 10, 11, 13, 14, 16, 17, 20, 22, 23, 25, 26, 28, 29, 31, 32, 34, 35, 37, 40, 41, 43, 44, 46, 47, 49, 50, 52, 53, 55, 56 ] ; usable q from list: [ 7, 11, 13 ]
CC complement degree <= 4: q mod 57 in [ 1, 2, 4, 5, 7, 8, 10, 11, 13, 14, 16, 17, 20, 22, 23, 25, 26, 28, 29, 31, 32, 34, 35, 37, 40, 41, 43, 44, 46, 47, 49, 50, 52, 53, 55, 56 ] ; usable q from list: [ 7, 11, 13 ]
QLIST all (used when there is no cuspidal part): [ 7, 11, 13 ] ; twist diamonds As=[ 2, 4 ] ; H-sums Hs=[]
DEGREES with points of the required type over F_p^d (d=1..5): [ false, false, true, true, true ]  time=1288.840
NONCUSP counts deg 1..5: [ 0, 0, 72, 81, 756 ]  time=1375.420
REPS up to diamond: [ 0, 0, 4, 5, 42 ]  time=1381.580
TYPE [ 1 ]: no divisors
TYPE [ 2 ]: no divisors
TYPE [ 1, 1 ]: no divisors
TYPE [ 3 ]: 1 divisors (up to diamond, shard 3 of 6), qlist=[ 7, 11, 13 ]
RESULT type=[ 3 ] total=1 survivors=0 time=2998.040
TYPE [ 2, 1 ]: no divisors
TYPE [ 1, 1, 1 ]: no divisors
TYPE [ 4 ]: 1 divisors (up to diamond, shard 3 of 6), qlist=[ 7, 11, 13 ]
RESULT type=[ 4 ] total=1 survivors=0 time=7027.740
TYPE [ 3, 1 ]: no divisors
TYPE [ 2, 2 ]: no divisors
TYPE [ 2, 1, 1 ]: no divisors
TYPE [ 1, 1, 1, 1 ]: no divisors
TYPE [ 5 ]: 7 divisors (up to diamond, shard 3 of 6), qlist=[ 7, 11, 13 ]
RESULT type=[ 5 ] total=7 survivors=0 time=20529.910
TYPE [ 4, 1 ]: no divisors
TYPE [ 3, 2 ]: no divisors
TYPE [ 3, 1, 1 ]: no divisors
TYPE [ 2, 2, 1 ]: no divisors
TYPE [ 2, 1, 1, 1 ]: no divisors
TYPE [ 1, 1, 1, 1, 1 ]: no divisors
SUMMARY N=57 M=1 p=5 D=5 shard=3/6 total_survivors=0 time=20529.940
SIEVE_DONE
