SETUP N=65 M=1 p=3 genus=121 time=17548.290
CUSPS skipped (SkipCusps=1): the cusp structure below comes from DEHMZ Lemma 2.7 only
CUSPFIELDS orbits over Q (degree, F_p-degree): [ <24, 12>, <12, 3>, <12, 3>, <4, 4>, <4, 4>, <4, 4>, <4, 4>, <4, 4>, <4, 4>, <1, 1>, <1, 1>, <1, 1>, <1, 1>, <1, 1>, <1, 1>, <1, 1>, <1, 1>, <1, 1>, <1, 1>, <1, 1>, <1, 1>, <1, 1>, <1, 1>, <1, 1>, <1, 1>, <1, 1>, <1, 1>, <1, 1>, <1, 1>, <1, 1>, <1, 1>, <1, 1>, <1, 1> ] ; predicted F_p cusp degrees match model: not checked
CC complement degree <= 1: q mod 65 in [ 1, 2, 3, 4, 6, 7, 8, 9, 11, 12, 14, 16, 17, 18, 19, 21, 22, 23, 24, 27, 28, 29, 31, 32, 33, 34, 36, 37, 38, 41, 42, 43, 44, 46, 47, 48, 49, 51, 53, 54, 56, 57, 58, 59, 61, 62, 63, 64 ] ; usable q from list: [ 7, 11 ]
CC complement degree <= 2: q mod 65 in [ 1, 2, 3, 4, 6, 7, 8, 9, 11, 12, 14, 16, 17, 18, 19, 21, 22, 23, 24, 27, 28, 29, 31, 32, 33, 34, 36, 37, 38, 41, 42, 43, 44, 46, 47, 48, 49, 51, 53, 54, 56, 57, 58, 59, 61, 62, 63, 64 ] ; usable q from list: [ 7, 11 ]
CC complement degree <= 3: q mod 65 in [ 1, 3, 9, 14, 16, 22, 27, 29, 42, 48, 53, 61 ] ; usable q from list: []
CC complement degree <= 4: q mod 65 in [ 1, 3, 9, 14, 16, 22, 27, 29, 42, 48, 53, 61 ] ; usable q from list: []
QLIST all (used when there is no cuspidal part): [ 7, 11 ] ; twist diamonds As=[ 2, 3 ] ; H-sums Hs=[]
DEGREES with points of the required type over F_p^d (d=1..5): [ false, false, false, true, true ]  time=17548.410
NONCUSP counts deg 1..5: [ 0, 0, 0, 12, 96 ]  time=17674.070
REPS up to diamond: [ 0, 0, 0, 1, 4 ]  time=17675.160
TYPE [ 1 ]: no divisors
TYPE [ 2 ]: no divisors
TYPE [ 1, 1 ]: no divisors
TYPE [ 3 ]: no divisors
TYPE [ 2, 1 ]: no divisors
TYPE [ 1, 1, 1 ]: no divisors
TYPE [ 4 ]: 0 divisors (up to diamond, shard 2 of 3), qlist=[ 7, 11 ]
RESULT type=[ 4 ] total=0 survivors=0 time=17675.160
TYPE [ 3, 1 ]: no divisors
TYPE [ 2, 2 ]: no divisors
TYPE [ 2, 1, 1 ]: no divisors
TYPE [ 1, 1, 1, 1 ]: no divisors
TYPE [ 5 ]: 1 divisors (up to diamond, shard 2 of 3), qlist=[ 7, 11 ]
RESULT type=[ 5 ] total=1 survivors=0 time=30009.630
TYPE [ 4, 1 ]: no divisors
TYPE [ 3, 2 ]: no divisors
TYPE [ 3, 1, 1 ]: no divisors
TYPE [ 2, 2, 1 ]: no divisors
TYPE [ 2, 1, 1, 1 ]: no divisors
TYPE [ 1, 1, 1, 1, 1 ]: no divisors
SUMMARY N=65 M=1 p=3 D=5 shard=2/3 total_survivors=0 time=30009.690
SIEVE_DONE
