SETUP N=63 M=1 p=5 genus=97 time=4978.730
CUSPS skipped (SkipCusps=1): the cusp structure below comes from DEHMZ Lemma 2.7 only
CUSPFIELDS orbits over Q (degree, F_p-degree): [ <18, 3>, <12, 6>, <6, 6>, <6, 6>, <6, 6>, <6, 6>, <6, 6>, <6, 6>, <2, 2>, <2, 2>, <2, 2>, <2, 2>, <2, 2>, <2, 2>, <1, 1>, <1, 1>, <1, 1>, <1, 1>, <1, 1>, <1, 1>, <1, 1>, <1, 1>, <1, 1>, <1, 1>, <1, 1>, <1, 1>, <1, 1>, <1, 1>, <1, 1>, <1, 1>, <1, 1>, <1, 1> ] ; predicted F_p cusp degrees match model: not checked
CC complement degree <= 1: q mod 63 in [ 1, 2, 4, 5, 8, 10, 11, 13, 16, 17, 19, 20, 22, 23, 25, 26, 29, 31, 32, 34, 37, 38, 40, 41, 43, 44, 46, 47, 50, 52, 53, 55, 58, 59, 61, 62 ] ; usable q from list: [ 11, 13, 17 ]
CC complement degree <= 2: q mod 63 in [ 1, 2, 4, 5, 8, 10, 11, 13, 16, 17, 19, 20, 22, 23, 25, 26, 29, 31, 32, 34, 37, 38, 40, 41, 43, 44, 46, 47, 50, 52, 53, 55, 58, 59, 61, 62 ] ; usable q from list: [ 11, 13, 17 ]
CC complement degree <= 3: q mod 63 in [ 1, 5, 25, 38, 58, 62 ] ; usable q from list: []
CC complement degree <= 4: q mod 63 in [ 1, 5, 25, 38, 58, 62 ] ; usable q from list: []
QLIST all (used when there is no cuspidal part): [ 11, 13, 17 ] ; twist diamonds As=[ 5 ] ; H-sums Hs=[ 8 ]
DEGREES with points of the required type over F_p^d (d=1..5): [ false, false, true, true, true ]  time=4978.780
NONCUSP counts deg 1..5: [ 0, 0, 12, 108, 720 ]  time=5162.600
REPS up to diamond: [ 0, 0, 2, 6, 40 ]  time=5172.620
TYPE [ 1 ]: no divisors
TYPE [ 2 ]: no divisors
TYPE [ 1, 1 ]: no divisors
TYPE [ 3 ]: 1 divisors (up to diamond, shard 1 of 8), qlist=[ 11, 13, 17 ]
RESULT type=[ 3 ] total=1 survivors=0 time=14649.770
TYPE [ 2, 1 ]: no divisors
TYPE [ 1, 1, 1 ]: no divisors
TYPE [ 4 ]: 1 divisors (up to diamond, shard 1 of 8), qlist=[ 11, 13, 17 ]
RESULT type=[ 4 ] total=1 survivors=0 time=21386.050
TYPE [ 3, 1 ]: no divisors
TYPE [ 2, 2 ]: no divisors
TYPE [ 2, 1, 1 ]: no divisors
TYPE [ 1, 1, 1, 1 ]: no divisors
TYPE [ 5 ]: 5 divisors (up to diamond, shard 1 of 8), qlist=[ 11, 13, 17 ]
RESULT type=[ 5 ] total=5 survivors=0 time=59652.590
TYPE [ 4, 1 ]: no divisors
TYPE [ 3, 2 ]: no divisors
TYPE [ 3, 1, 1 ]: no divisors
TYPE [ 2, 2, 1 ]: no divisors
TYPE [ 2, 1, 1, 1 ]: no divisors
TYPE [ 1, 1, 1, 1, 1 ]: no divisors
SUMMARY N=63 M=1 p=5 D=5 shard=1/8 total_survivors=0 time=59652.630
SIEVE_DONE
